Command line invocation:
    /Applications/Xcode_26.3.app/Contents/Developer/usr/bin/xcodebuild archive -workspace ./WeatherForecast.xcworkspace -scheme WeatherForecast -configuration Release -destination generic/platform=iOS -archivePath /Users/runner/work/Weather_Forecast_01/Weather_Forecast_01/build.xcarchive

2026-05-02 08:00:23.837 xcodebuild[23225:64539] [MT] IDERunDestination: Supported platforms for the buildables in the current scheme is empty.
ComputePackagePrebuildTargetDependencyGraph

Prepare packages

CreateBuildRequest

SendProjectDescription

CreateBuildOperation

ComputeTargetDependencyGraph
note: Building targets in dependency order
note: Target dependency graph (6 targets)
    Target 'WeatherForecast' in project 'WeatherForecast'
        ➜ Implicit dependency on target 'Pods-WeatherForecast' in project 'Pods' via file 'Pods_WeatherForecast.framework' in build phase 'Link Binary'
        ➜ Implicit dependency on target 'SVProgressHUD' in project 'Pods' via options '-framework SVProgressHUD' in build setting 'OTHER_LDFLAGS'
        ➜ Implicit dependency on target 'SubscriptionKit' in project 'Pods' via options '-framework SubscriptionKit' in build setting 'OTHER_LDFLAGS'
    Target 'Pods-WeatherForecast' in project 'Pods'
        ➜ Explicit dependency on target 'SVProgressHUD' in project 'Pods'
        ➜ Explicit dependency on target 'SubscriptionKit' in project 'Pods'
        ➜ Explicit dependency on target 'UMCommon' in project 'Pods'
        ➜ Explicit dependency on target 'UMDevice' in project 'Pods'
    Target 'SubscriptionKit' in project 'Pods'
        ➜ Explicit dependency on target 'UMCommon' in project 'Pods'
        ➜ Explicit dependency on target 'UMDevice' in project 'Pods'
    Target 'UMCommon' in project 'Pods'
        ➜ Explicit dependency on target 'UMDevice' in project 'Pods'
    Target 'UMDevice' in project 'Pods' (no dependencies)
    Target 'SVProgressHUD' in project 'Pods' (no dependencies)

GatherProvisioningInputs

CreateBuildDescription

ExecuteExternalTool /Applications/Xcode_26.3.app/Contents/Developer/Toolchains/XcodeDefault.xctoolchain/usr/bin/clang -v -E -dM -arch arm64 -isysroot /Applications/Xcode_26.3.app/Contents/Developer/Platforms/iPhoneOS.platform/Developer/SDKs/iPhoneOS26.2.sdk -x c -c /dev/null

ExecuteExternalTool /Applications/Xcode_26.3.app/Contents/Developer/Toolchains/XcodeDefault.xctoolchain/usr/bin/clang -v -E -dM -isysroot /Applications/Xcode_26.3.app/Contents/Developer/Platforms/iPhoneOS.platform/Developer/SDKs/iPhoneOS26.2.sdk -x c -c /dev/null

ExecuteExternalTool /Applications/Xcode_26.3.app/Contents/Developer/Toolchains/XcodeDefault.xctoolchain/usr/bin/clang -v -E -dM -arch arm64 -isysroot /Applications/Xcode_26.3.app/Contents/Developer/Platforms/iPhoneOS.platform/Developer/SDKs/iPhoneOS26.2.sdk -x objective-c -c /dev/null

ExecuteExternalTool /Applications/Xcode_26.3.app/Contents/Developer/usr/bin/actool --print-asset-tag-combinations --output-format xml1 /Users/runner/work/Weather_Forecast_01/Weather_Forecast_01/WeatherForecast/Resources/Assets.xcassets

ExecuteExternalTool /Applications/Xcode_26.3.app/Contents/Developer/Toolchains/XcodeDefault.xctoolchain/usr/bin/ld -version_details

ExecuteExternalTool /Applications/Xcode_26.3.app/Contents/Developer/Toolchains/XcodeDefault.xctoolchain/usr/bin/swiftc --version

ExecuteExternalTool /Applications/Xcode_26.3.app/Contents/Developer/Toolchains/XcodeDefault.xctoolchain/usr/bin/libtool -V

ExecuteExternalTool /Applications/Xcode_26.3.app/Contents/Developer/usr/bin/actool --version --output-format xml1

Build description signature: 4ac22f1cdb33a61c4f140de64a2de4ea
Build description path: /Users/runner/Library/Developer/Xcode/DerivedData/WeatherForecast-cikycfahcwjklleawxrvkcassetb/Build/Intermediates.noindex/ArchiveIntermediates/WeatherForecast/IntermediateBuildFilesPath/XCBuildData/4ac22f1cdb33a61c4f140de64a2de4ea.xcbuilddata
/Users/runner/work/Weather_Forecast_01/Weather_Forecast_01/Pods/Pods.xcodeproj: warning: The iOS deployment target 'IPHONEOS_DEPLOYMENT_TARGET' is set to 9.0, but the range of supported deployment target versions is 12.0 to 26.2.99. (in target 'UMCommon' from project 'Pods')
/Users/runner/work/Weather_Forecast_01/Weather_Forecast_01/WeatherForecast.xcodeproj: error: Provisioning profile "appstore-6764768558-20260502080001415" doesn't include the WeatherKit capability. (in target 'WeatherForecast' from project 'WeatherForecast')
/Users/runner/work/Weather_Forecast_01/Weather_Forecast_01/WeatherForecast.xcodeproj: error: Provisioning profile "appstore-6764768558-20260502080001415" doesn't include the com.apple.developer.weatherkit entitlement. (in target 'WeatherForecast' from project 'WeatherForecast')
/Users/runner/work/Weather_Forecast_01/Weather_Forecast_01/Pods/Pods.xcodeproj: warning: The iOS deployment target 'IPHONEOS_DEPLOYMENT_TARGET' is set to 9.0, but the range of supported deployment target versions is 12.0 to 26.2.99. (in target 'UMDevice' from project 'Pods')
** ARCHIVE FAILED **


The following build commands failed:
	Archiving workspace WeatherForecast with scheme WeatherForecast
(1 failure)
